// Jest Snapshot v1, https://goo.gl/fbAQLP

exports[`ProductTitle debe mostrar el componente correctamente con el titulo personalizado 1`] = `
<span
  className="custom-class productDescription "
>
   
  Custom Product
   
</span>
`;

exports[`ProductTitle should show component with name of the product 1`] = `
<div
  className="productCard undefined"
>
  <span
    className="undefined productDescription "
  >
     
    Coffe mug - SIN IMAGEN
     
  </span>
</div>
`;
